python : Traceback (most recent call last):
Au caractère Ligne:1 : 81
+ ... G="utf-8" ; python scripts/test_search_service.py > test_output.txt 2 ...
+                 ~~~~~~~~~~~~~~~~~~~~~~~~~~~~~~~~~~~~~~~~~~~~~~~~~~~~~~~~~
    + CategoryInfo          : NotSpecified: (Traceback (most recent call last) 
   ::String) [], RemoteException
    + FullyQualifiedErrorId : NativeCommandError
 
  File "C:\Users\pc\Desktop\Ïº┘äÏÑÏÁÏ»ÏºÏ▒ Ïº┘ä┘à┘åÏÀ┘é┘è 
trae\scripts\test_search_service.py", line 212, in test_search_service
    result = search_service.search(loaded_filter.query)
                                   ^^^^^^^^^^^^^^^^^^^
AttributeError: 'SavedFilter' object has no attribute 'query'
================================================================================
­ƒöì ÏºÏ«Ï¬Ï¿ÏºÏ▒ Ï«Ï»┘àÏ® Ïº┘äÏ¿Ï¡Ï½ Ïº┘ä┘àÏ¬┘éÏ»┘à
================================================================================

Ô£ô Ï¬┘à Ï¬┘ç┘èÏªÏ® Ïº┘äÏ«Ï»┘àÏºÏ¬ Ï¿┘åÏ¼ÏºÏ¡

--------------------------------------------------------------------------------
­ƒôª ÏºÏ«Ï¬Ï¿ÏºÏ▒ 1: Ïº┘äÏ¿Ï¡Ï½ ┘ü┘è Ïº┘ä┘à┘åÏ¬Ï¼ÏºÏ¬
--------------------------------------------------------------------------------
Ï╣Ï»Ï» Ïº┘ä┘à┘åÏ¬Ï¼ÏºÏ¬ Ïº┘ä┘àÏ│Ï¬Ï▒Ï¼Ï╣Ï®: 0
ÏÑÏ¼┘àÏº┘ä┘è Ïº┘ä┘åÏ¬ÏºÏªÏ¼: 0
┘ê┘éÏ¬ Ïº┘äÏ¬┘å┘ü┘èÏ░: 0.9071826934814453ms

--------------------------------------------------------------------------------
­ƒöÄ ÏºÏ«Ï¬Ï¿ÏºÏ▒ 2: Ïº┘äÏ¿Ï¡Ï½ Ï¿┘â┘ä┘àÏ® ┘à┘üÏ¬ÏºÏ¡┘èÏ® ┘ü┘è Ïº┘ä┘à┘åÏ¬Ï¼ÏºÏ¬
--------------------------------------------------------------------------------
Ï╣Ï»Ï» Ïº┘ä┘à┘åÏ¬Ï¼ÏºÏ¬ Ïº┘äÏ¬┘è Ï¬Ï¡Ï¬┘ê┘è Ï╣┘ä┘ë '┘à┘åÏ¬Ï¼': 0

--------------------------------------------------------------------------------
ÔÜû´©Å ÏºÏ«Ï¬Ï¿ÏºÏ▒ 3: Ïº┘äÏ¿Ï¡Ï½ ┘ü┘è Ïº┘ä┘à┘åÏ¬Ï¼ÏºÏ¬ (Ïº┘ä┘àÏ«Ï▓┘ê┘å < 10)
--------------------------------------------------------------------------------
Ï╣Ï»Ï» Ïº┘ä┘à┘åÏ¬Ï¼ÏºÏ¬ Ï░ÏºÏ¬ Ïº┘ä┘àÏ«Ï▓┘ê┘å Ïº┘ä┘à┘åÏ«┘üÏÂ: 0

--------------------------------------------------------------------------------
­ƒæÑ ÏºÏ«Ï¬Ï¿ÏºÏ▒ 4: Ïº┘äÏ¿Ï¡Ï½ ┘ü┘è Ïº┘äÏ╣┘à┘äÏºÏí
--------------------------------------------------------------------------------
Ï╣Ï»Ï» Ïº┘äÏ╣┘à┘äÏºÏí: 0

--------------------------------------------------------------------------------
­ƒÆ░ ÏºÏ«Ï¬Ï¿ÏºÏ▒ 5: Ï╣┘à┘äÏºÏí ┘äÏ»┘è┘ç┘à Ï▒ÏÁ┘èÏ» (Ï▒ÏÁ┘èÏ» > 0)
--------------------------------------------------------------------------------
Ï╣Ï»Ï» Ïº┘äÏ╣┘à┘äÏºÏí Ïº┘äÏ░┘è┘å ┘äÏ»┘è┘ç┘à Ï▒ÏÁ┘èÏ»: 0

--------------------------------------------------------------------------------
­ƒøÆ ÏºÏ«Ï¬Ï¿ÏºÏ▒ 6: Ïº┘äÏ¿Ï¡Ï½ ┘ü┘è Ïº┘ä┘àÏ¿┘èÏ╣ÏºÏ¬
--------------------------------------------------------------------------------
Ï╣Ï»Ï» ┘ü┘êÏºÏ¬┘èÏ▒ Ïº┘ä┘àÏ¿┘èÏ╣ÏºÏ¬: 0

--------------------------------------------------------------------------------
­ƒîÉ ÏºÏ«Ï¬Ï¿ÏºÏ▒ 7: Ïº┘äÏ¿Ï¡Ï½ Ïº┘äÏ╣Ïº┘à ┘ü┘è Ï¼┘à┘èÏ╣ Ïº┘ä┘â┘èÏº┘åÏºÏ¬
--------------------------------------------------------------------------------
ÏÑÏ¼┘àÏº┘ä┘è Ïº┘ä┘åÏ¬ÏºÏªÏ¼ ┘à┘å Ï¼┘à┘èÏ╣ Ïº┘ä┘â┘èÏº┘åÏºÏ¬: 0

--------------------------------------------------------------------------------
­ƒÆ¥ ÏºÏ«Ï¬Ï¿ÏºÏ▒ 8: Ïº┘ä┘ü┘äÏºÏ¬Ï▒ Ïº┘ä┘àÏ¡┘ü┘êÏ©Ï®
--------------------------------------------------------------------------------
Ï╣Ï»Ï» Ïº┘ä┘ü┘äÏºÏ¬Ï▒ Ïº┘ä┘àÏ¡┘ü┘êÏ©Ï®: 12

Ïº┘ä┘ü┘äÏºÏ¬Ï▒ Ïº┘ä┘àÏ¬┘ê┘üÏ▒Ï®:
1. Ï╣Ï▒┘êÏÂ ÏúÏ│Ï╣ÏºÏ▒ ┘àÏ╣┘ä┘éÏ® (SearchEntity.QUOTES) - Ï╣Ï▒┘êÏÂ Ïº┘äÏúÏ│Ï╣ÏºÏ▒ Ïº┘ä┘àÏ▒Ï│┘äÏ® ┘êÏ¿Ïº┘åÏ¬Ï©ÏºÏ▒ Ïº┘äÏ▒Ï»
   [Ïº┘üÏ¬Ï▒ÏºÏÂ┘è]
2. Ï╣Ï▒┘êÏÂ ÏúÏ│Ï╣ÏºÏ▒ ┘àÏ╣┘ä┘éÏ® (SearchEntity.QUOTES) - Ï╣Ï▒┘êÏÂ Ïº┘äÏúÏ│Ï╣ÏºÏ▒ Ïº┘ä┘àÏ▒Ï│┘äÏ® ┘êÏ¿Ïº┘åÏ¬Ï©ÏºÏ▒ Ïº┘äÏ▒Ï»
   [Ïº┘üÏ¬Ï▒ÏºÏÂ┘è]
3. Ï╣Ï▒┘êÏÂ ÏúÏ│Ï╣ÏºÏ▒ ┘àÏ╣┘ä┘éÏ® (SearchEntity.QUOTES) - Ï╣Ï▒┘êÏÂ Ïº┘äÏúÏ│Ï╣ÏºÏ▒ Ïº┘ä┘àÏ▒Ï│┘äÏ® ┘êÏ¿Ïº┘åÏ¬Ï©ÏºÏ▒ Ïº┘äÏ▒Ï»
   [Ïº┘üÏ¬Ï▒ÏºÏÂ┘è]
4. Ï╣┘à┘äÏºÏí Ï¿ÏúÏ▒ÏÁÏ»Ï® ┘àÏ│Ï¬Ï¡┘éÏ® (SearchEntity.CUSTOMERS) - Ïº┘äÏ╣┘à┘äÏºÏí Ïº┘ä┘åÏ┤ÏÀ┘ê┘å Ïº┘äÏ░┘è┘å ┘äÏ»┘è┘ç┘à ÏúÏ▒ÏÁÏ»Ï® ┘àÏ│Ï¬Ï¡┘éÏ®
   [Ïº┘üÏ¬Ï▒ÏºÏÂ┘è]
5. Ï╣┘à┘äÏºÏí Ï¿ÏúÏ▒ÏÁÏ»Ï® ┘àÏ│Ï¬Ï¡┘éÏ® (SearchEntity.CUSTOMERS) - Ïº┘äÏ╣┘à┘äÏºÏí Ïº┘ä┘åÏ┤ÏÀ┘ê┘å Ïº┘äÏ░┘è┘å ┘äÏ»┘è┘ç┘à ÏúÏ▒ÏÁÏ»Ï® ┘àÏ│Ï¬Ï¡┘éÏ®
   [Ïº┘üÏ¬Ï▒ÏºÏÂ┘è]
6. Ï╣┘à┘äÏºÏí Ï¿ÏúÏ▒ÏÁÏ»Ï® ┘àÏ│Ï¬Ï¡┘éÏ® (SearchEntity.CUSTOMERS) - Ïº┘äÏ╣┘à┘äÏºÏí Ïº┘ä┘åÏ┤ÏÀ┘ê┘å Ïº┘äÏ░┘è┘å ┘äÏ»┘è┘ç┘à ÏúÏ▒ÏÁÏ»Ï® ┘àÏ│Ï¬Ï¡┘éÏ®
   [Ïº┘üÏ¬Ï▒ÏºÏÂ┘è]
7. ┘àÏ¿┘èÏ╣ÏºÏ¬ Ïº┘äÏ┤┘çÏ▒ Ïº┘äÏ¡Ïº┘ä┘è (SearchEntity.SALES) - Ï¼┘à┘èÏ╣ ┘ü┘êÏºÏ¬┘èÏ▒ Ïº┘ä┘àÏ¿┘èÏ╣ÏºÏ¬ ┘ä┘äÏ┤┘çÏ▒ Ïº┘äÏ¡Ïº┘ä┘è
   [Ïº┘üÏ¬Ï▒ÏºÏÂ┘è]
8. ┘àÏ¿┘èÏ╣ÏºÏ¬ Ïº┘äÏ┤┘çÏ▒ Ïº┘äÏ¡Ïº┘ä┘è (SearchEntity.SALES) - Ï¼┘à┘èÏ╣ ┘ü┘êÏºÏ¬┘èÏ▒ Ïº┘ä┘àÏ¿┘èÏ╣ÏºÏ¬ ┘ä┘äÏ┤┘çÏ▒ Ïº┘äÏ¡Ïº┘ä┘è
   [Ïº┘üÏ¬Ï▒ÏºÏÂ┘è]
9. ┘àÏ¿┘èÏ╣ÏºÏ¬ Ïº┘äÏ┤┘çÏ▒ Ïº┘äÏ¡Ïº┘ä┘è (SearchEntity.SALES) - Ï¼┘à┘èÏ╣ ┘ü┘êÏºÏ¬┘èÏ▒ Ïº┘ä┘àÏ¿┘èÏ╣ÏºÏ¬ ┘ä┘äÏ┤┘çÏ▒ Ïº┘äÏ¡Ïº┘ä┘è
   [Ïº┘üÏ¬Ï▒ÏºÏÂ┘è]
10. ┘à┘åÏ¬Ï¼ÏºÏ¬ ┘à┘åÏ«┘üÏÂÏ® Ïº┘ä┘àÏ«Ï▓┘ê┘å (SearchEntity.PRODUCTS) - Ïº┘ä┘à┘åÏ¬Ï¼ÏºÏ¬ Ïº┘äÏ¬┘è ┘êÏÁ┘äÏ¬ ÏÑ┘ä┘ë Ïº┘äÏ¡Ï» Ïº┘äÏúÏ»┘å┘ë ┘ä┘ä┘àÏ«Ï▓┘ê┘å
   [Ïº┘üÏ¬Ï▒ÏºÏÂ┘è]
11. ┘à┘åÏ¬Ï¼ÏºÏ¬ ┘à┘åÏ«┘üÏÂÏ® Ïº┘ä┘àÏ«Ï▓┘ê┘å (SearchEntity.PRODUCTS) - Ïº┘ä┘à┘åÏ¬Ï¼ÏºÏ¬ Ïº┘äÏ¬┘è ┘êÏÁ┘äÏ¬ ÏÑ┘ä┘ë Ïº┘äÏ¡Ï» Ïº┘äÏúÏ»┘å┘ë ┘ä┘ä┘àÏ«Ï▓┘ê┘å
   [Ïº┘üÏ¬Ï▒ÏºÏÂ┘è]
12. ┘à┘åÏ¬Ï¼ÏºÏ¬ ┘à┘åÏ«┘üÏÂÏ® Ïº┘ä┘àÏ«Ï▓┘ê┘å (SearchEntity.PRODUCTS) - Ïº┘ä┘à┘åÏ¬Ï¼ÏºÏ¬ Ïº┘äÏ¬┘è ┘êÏÁ┘äÏ¬ ÏÑ┘ä┘ë Ïº┘äÏ¡Ï» Ïº┘äÏúÏ»┘å┘ë ┘ä┘ä┘àÏ«Ï▓┘ê┘å
   [Ïº┘üÏ¬Ï▒ÏºÏÂ┘è]

--------------------------------------------------------------------------------
­ƒöä ÏºÏ«Ï¬Ï¿ÏºÏ▒ 9: Ï¬Ï¡┘à┘è┘ä ┘êÏºÏ│Ï¬Ï«Ï»Ïº┘à ┘ü┘äÏ¬Ï▒ ┘àÏ¡┘ü┘êÏ©
--------------------------------------------------------------------------------
Ï¬Ï¡┘à┘è┘ä Ïº┘ä┘ü┘äÏ¬Ï▒: Ï╣Ï▒┘êÏÂ ÏúÏ│Ï╣ÏºÏ▒ ┘àÏ╣┘ä┘éÏ®

ÔØî Ï«ÏÀÏú ┘ü┘è Ïº┘äÏºÏ«Ï¬Ï¿ÏºÏ▒: 'SavedFilter' object has no attribute 'query'
